{
  "openapi" : "3.1.0",
  "info" : {
    "title" : "Server",
    "description" : "test",
    "version" : "1.0"
  },
  "paths" : {
    "/base/moreBase/getMixedExplicitParamName" : {
      "get" : {
        "summary" : "My Summary",
        "description" : "My Description",
        "responses" : {
          "200" : {
            "description" : "TBD"
          }
        }
      }
    },
    "/base/moreBase/getExplicitParamName" : {
      "get" : {
        "summary" : "My Description multi lined",
        "description" : "1 2 34",
        "responses" : {
          "200" : {
            "description" : "TBD"
          }
        }
      }
    },
    "/base/moreBase/getImplicitParamName" : {
      "get" : {
        "summary" : "My Summarymulti lined",
        "description" : "1 2 34",
        "responses" : {
          "200" : {
            "description" : "TBD"
          }
        }
      }
    }
  },
  "components" : {
    "schemas" : { }
  }
}