{
  "openapi" : "3.1.0",
  "info" : {
    "title" : "Open API Specification",
    "description" : "test",
    "version" : "1.0.0"
  },
  "paths" : {
    "/v1/order/{param1}" : {
      "post" : {
        "parameters" : [ {
          "name" : "param1",
          "in" : "path",
          "required" : true,
          "schema" : {
            "type" : "string"
          }
        } ],
        "requestBody" : {
          "required" : true,
          "content" : {
            "application/json" : {
              "schema" : {
                "$ref" : "#/components/schemas/sources.requests.SimpleRequest"
              }
            }
          }
        }
      }
    }
  },
  "components" : {
    "schemas" : {
      "sources.requests.SimpleRequest" : {
        "type" : "object",
        "properties" : {
          "float" : {
            "type" : "number"
          },
          "integer" : {
            "type" : "integer"
          },
          "string" : {
            "type" : "string"
          }
        },
        "required" : [ "string", "integer", "float" ]
      }
    }
  }
}