{
  "openapi" : "3.1.0",
  "info" : {
    "title" : "Open API Specification",
    "description" : "test",
    "version" : "1.0.0"
  },
  "paths" : {
    "/v1/else" : {
      "post" : { }
    },
    "/v1/else1" : {
      "get" : { }
    }
  },
  "components" : {
    "schemas" : { }
  }
}