{
  "openapi" : "3.1.0",
  "info" : {
    "title" : "Open API Specification",
    "description" : "test",
    "version" : "1.0.0"
  },
  "paths" : {
    "/v1/getRequest1" : {
      "get" : { },
      "post" : { }
    },
    "/v2/getRequest2" : {
      "get" : { },
      "post" : { }
    },
    "/v3/v3a/getRequest3" : {
      "get" : { },
      "post" : { }
    },
    "/v3/getRequest3" : {
      "get" : { },
      "post" : { }
    }
  },
  "components" : {
    "schemas" : { }
  }
}