{
  "openapi" : "3.1.0",
  "info" : {
    "title" : "Server",
    "description" : "test",
    "version" : "1.0"
  },
  "paths" : {
    "/v1/getRequest1" : {
      "get" : {
        "responses" : {
          "200" : {
            "description" : "TBD"
          }
        }
      }
    },
    "/v2/getRequest2" : {
      "get" : {
        "responses" : {
          "200" : {
            "description" : "TBD"
          }
        }
      }
    },
    "/v3/getRequest3" : {
      "get" : {
        "responses" : {
          "200" : {
            "description" : "TBD"
          }
        }
      }
    }
  },
  "components" : {
    "schemas" : { }
  }
}