{
  "openapi" : "3.1.0",
  "info" : {
    "title" : "Server",
    "description" : "test",
    "version" : "1.0"
  },
  "paths" : {
    "/v1/order/{order_id}" : {
      "get" : {
        "responses" : {
          "200" : {
            "description" : "TBD"
          }
        },
        "parameters" : [ {
          "name" : "order_id",
          "in" : "path",
          "required" : true,
          "schema" : {
            "type" : "string"
          }
        } ]
      }
    },
    "/v1/orders/{optional_order_id}" : {
      "get" : {
        "responses" : {
          "200" : {
            "description" : "TBD"
          }
        },
        "parameters" : [ {
          "name" : "optional_order_id",
          "in" : "path",
          "required" : true,
          "schema" : {
            "type" : "string"
          }
        } ]
      }
    }
  },
  "components" : {
    "schemas" : { }
  }
}