{
  "openapi" : "3.1.0",
  "info" : {
    "title" : "Open API Specification",
    "description" : "test",
    "version" : "1.0.0"
  },
  "paths" : {
    "/v1/bodyWithPrivateFields" : {
      "post" : {
        "requestBody" : {
          "required" : true,
          "content" : {
            "application/json" : {
              "schema" : {
                "$ref" : "#/components/schemas/sources.requests.PrivateBodyRequest"
              }
            }
          }
        }
      }
    }
  },
  "components" : {
    "schemas" : {
      "sources.requests.PrivateBodyRequest" : {
        "type" : "object",
        "properties" : {
          "visible" : {
            "type" : "boolean"
          }
        },
        "required" : [ "visible" ]
      }
    }
  }
}