{
  "openapi" : "3.1.0",
  "info" : {
    "title" : "Open API Specification",
    "description" : "test",
    "version" : "1.0.0"
  },
  "paths" : {
    "/v1/order" : {
      "get" : {
        "parameters" : [ {
          "name" : "my_query_param",
          "in" : "query",
          "required" : false,
          "schema" : {
            "type" : "string"
          }
        } ]
      }
    },
    "/v1/orderWithPath/{myPathParameter}" : {
      "get" : {
        "parameters" : [ {
          "name" : "myPathParameter",
          "in" : "path",
          "required" : true,
          "schema" : {
            "type" : "string"
          }
        }, {
          "name" : "my_query_param2",
          "in" : "query",
          "required" : false,
          "schema" : {
            "type" : "string"
          }
        } ]
      }
    },
    "/v1/order2" : {
      "get" : {
        "parameters" : [ {
          "name" : "my_query_param",
          "in" : "query",
          "required" : false,
          "schema" : {
            "type" : "string"
          }
        } ]
      }
    },
    "/v1/order3" : {
      "get" : {
        "parameters" : [ {
          "name" : "my_query_param",
          "in" : "query",
          "required" : false,
          "schema" : {
            "type" : "string"
          }
        }, {
          "name" : "my_query_param2",
          "in" : "query",
          "required" : false,
          "schema" : {
            "type" : "string"
          }
        } ]
      }
    },
    "/v1/order3WIthPath/{pathParameter}" : {
      "get" : {
        "parameters" : [ {
          "name" : "pathParameter",
          "in" : "path",
          "required" : true,
          "schema" : {
            "type" : "string"
          }
        }, {
          "name" : "my_query_param",
          "in" : "query",
          "required" : false,
          "schema" : {
            "type" : "string"
          }
        }, {
          "name" : "my_query_param2",
          "in" : "query",
          "required" : false,
          "schema" : {
            "type" : "string"
          }
        } ]
      }
    },
    "/v1/order4" : {
      "get" : {
        "parameters" : [ {
          "name" : "my_query_param",
          "in" : "query",
          "required" : false,
          "schema" : {
            "type" : "string"
          }
        } ]
      }
    },
    "/v1/order5" : {
      "get" : {
        "parameters" : [ {
          "name" : "orderId",
          "in" : "query",
          "required" : false,
          "schema" : {
            "type" : "string"
          }
        } ]
      }
    },
    "/v1/order6" : {
      "get" : {
        "parameters" : [ {
          "name" : "my_string_query_param",
          "in" : "query",
          "required" : false,
          "schema" : {
            "type" : "string"
          }
        } ]
      }
    },
    "/v1/order7" : {
      "get" : {
        "parameters" : [ {
          "name" : "param_part1param_part2",
          "in" : "query",
          "required" : false,
          "schema" : {
            "type" : "string"
          }
        } ]
      }
    },
    "/v1/order8" : {
      "get" : {
        "parameters" : [ {
          "name" : "param_part1_my_string_query_param",
          "in" : "query",
          "required" : false,
          "schema" : {
            "type" : "string"
          }
        } ]
      }
    },
    "/v1/order9" : {
      "get" : {
        "parameters" : [ {
          "name" : "param_part1_my_string_query_param",
          "in" : "query",
          "required" : false,
          "schema" : {
            "type" : "string"
          }
        } ]
      }
    }
  },
  "components" : {
    "schemas" : { }
  }
}