{
  "openapi" : "3.1.0",
  "info" : {
    "title" : "Server",
    "description" : "test",
    "version" : "1.0"
  },
  "paths" : {
    "/v1/postBodyRequestSimple" : {
      "post" : {
        "responses" : {
          "200" : {
            "description" : "TBD"
          }
        },
        "requestBody" : {
          "required" : true,
          "content" : {
            "application/json" : {
              "schema" : {
                "$ref" : "#/components/schemas/sources.requests.SimpleRequest"
              }
            }
          }
        }
      }
    },
    "/v1/postBodyRequestWithVariableDeclaration" : {
      "post" : {
        "responses" : {
          "200" : {
            "description" : "TBD"
          }
        },
        "requestBody" : {
          "required" : true,
          "content" : {
            "application/json" : {
              "schema" : {
                "$ref" : "#/components/schemas/sources.requests.SimpleRequest"
              }
            }
          }
        }
      }
    },
    "/v1/postBodyRequestWithLambda" : {
      "post" : {
        "responses" : {
          "200" : {
            "description" : "TBD"
          }
        },
        "requestBody" : {
          "required" : true,
          "content" : {
            "application/json" : {
              "schema" : {
                "$ref" : "#/components/schemas/sources.requests.SimpleRequest"
              }
            }
          }
        }
      }
    },
    "/v2/postBodyNestedRequest" : {
      "post" : {
        "responses" : {
          "200" : {
            "description" : "TBD"
          }
        },
        "requestBody" : {
          "required" : true,
          "content" : {
            "application/json" : {
              "schema" : {
                "$ref" : "#/components/schemas/sources.requests.NestedRequest"
              }
            }
          }
        }
      }
    },
    "/v2/postBodyComplexRequest" : {
      "post" : {
        "responses" : {
          "200" : {
            "description" : "TBD"
          }
        },
        "requestBody" : {
          "required" : true,
          "content" : {
            "application/json" : {
              "schema" : {
                "$ref" : "#/components/schemas/sources.requests.ComplexRequest"
              }
            }
          }
        }
      }
    }
  },
  "components" : {
    "schemas" : {
      "sources.requests.SimpleRequest" : {
        "type" : "object",
        "properties" : {
          "string" : {
            "type" : "string"
          },
          "integer" : {
            "type" : "integer"
          },
          "float" : {
            "type" : "number"
          }
        }
      },
      "sources.requests.NestedRequest" : {
        "type" : "object",
        "properties" : {
          "nestedObject" : {
            "$ref" : "#/components/schemas/sources.requests.SimpleRequest"
          }
        }
      },
      "sources.requests.ComplexRequest" : {
        "type" : "object",
        "properties" : {
          "evenMore" : {
            "type" : "integer"
          },
          "list" : {
            "type" : "array",
            "properties" : { },
            "items" : {
              "type" : "string"
            }
          },
          "nestedList" : {
            "type" : "array",
            "properties" : { },
            "items" : {
              "type" : "array",
              "properties" : { },
              "items" : {
                "type" : "string"
              }
            }
          },
          "nestedMutableList" : {
            "type" : "array",
            "properties" : { },
            "items" : {
              "type" : "array",
              "properties" : { },
              "items" : {
                "type" : "array",
                "properties" : { },
                "items" : {
                  "type" : "array",
                  "properties" : { },
                  "items" : {
                    "type" : "string"
                  }
                }
              }
            }
          },
          "complexList" : {
            "type" : "array",
            "properties" : { },
            "items" : {
              "$ref" : "#/components/schemas/sources.requests.ComplexMapValue"
            }
          },
          "complexNestedList" : {
            "type" : "array",
            "properties" : { },
            "items" : {
              "type" : "array",
              "properties" : { },
              "items" : {
                "$ref" : "#/components/schemas/sources.requests.ComplexMapValue"
              }
            }
          },
          "complexListStringMap" : {
            "type" : "object",
            "properties" : { },
            "additionalProperties" : {
              "type" : "array",
              "properties" : { },
              "items" : {
                "type" : "string"
              }
            }
          },
          "complexListMap" : {
            "type" : "object",
            "properties" : { },
            "additionalProperties" : {
              "type" : "array",
              "properties" : { },
              "items" : {
                "$ref" : "#/components/schemas/sources.requests.ComplexMapValue"
              }
            }
          },
          "complexNestedListMap" : {
            "type" : "object",
            "properties" : { },
            "additionalProperties" : {
              "type" : "array",
              "properties" : { },
              "items" : {
                "type" : "array",
                "properties" : { },
                "items" : {
                  "$ref" : "#/components/schemas/sources.requests.ComplexMapValue"
                }
              }
            }
          },
          "stringMap" : {
            "type" : "object",
            "properties" : { },
            "additionalProperties" : {
              "type" : "string"
            }
          },
          "intValueMap" : {
            "type" : "object",
            "properties" : { },
            "additionalProperties" : {
              "type" : "integer"
            }
          },
          "complexValueMap" : {
            "type" : "object",
            "properties" : { },
            "additionalProperties" : {
              "$ref" : "#/components/schemas/sources.requests.ComplexMapValue"
            }
          },
          "enumValueMap" : {
            "type" : "object",
            "properties" : { },
            "additionalProperties" : {
              "type" : "string",
              "enum" : [ "TWO", "THREE", "ONE" ]
            }
          },
          "complexEnumValueMap" : {
            "type" : "object",
            "properties" : { },
            "additionalProperties" : {
              "type" : "array",
              "properties" : { },
              "items" : {
                "type" : "string",
                "properties" : { },
                "enum" : [ "ONE", "TWO", "THREE" ]
              }
            }
          }
        }
      },
      "sources.requests.ComplexMapValue" : {
        "type" : "object",
        "properties" : {
          "something" : {
            "type" : "string"
          }
        }
      }
    }
  }
}