{
  "openapi" : "3.1.0",
  "info" : {
    "title" : "Open API Specification",
    "description" : "test",
    "version" : "1.0.0"
  },
  "paths" : {
    "/v3/postBodyRequestSimple" : {
      "post" : {
        "requestBody" : {
          "required" : true,
          "content" : {
            "application/json" : {
              "schema" : {
                "$ref" : "#/components/schemas/sources.SomeRequest"
              }
            }
          }
        }
      }
    }
  },
  "components" : {
    "schemas" : {
      "sources.SomeRequest" : {
        "type" : "object",
        "properties" : {
          "myEnum" : {
            "type" : "string",
            "enum" : [ "ENTRY1", "ENTRY2" ],
            "description" : "this is an enum field"
          }
        },
        "required" : [ "myEnum" ]
      }
    }
  }
}