{
  "openapi" : "3.1.0",
  "info" : {
    "title" : "Open API Specification",
    "description" : "test",
    "version" : "1.0.0"
  },
  "paths" : {
    "/v1/postBodyRequestSimple" : {
      "post" : {
        "responses" : {
          "200" : {
            "description" : "Success",
            "content" : {
              "application/json" : {
                "schema" : {
                  "$ref" : "#/components/schemas/sources.requests.SimpleRequest"
                }
              }
            }
          },
          "500" : {
            "description" : "Failure",
            "content" : {
              "application/json" : {
                "schema" : {
                  "$ref" : "#/components/schemas/sources.requests.PrivateBodyRequest"
                }
              }
            }
          }
        },
        "requestBody" : {
          "required" : true,
          "content" : {
            "application/json" : {
              "schema" : {
                "$ref" : "#/components/schemas/sources.requests.SimpleRequest"
              }
            }
          }
        }
      }
    },
    "/v1/implicitArgNames" : {
      "post" : {
        "responses" : {
          "200" : {
            "description" : "",
            "content" : {
              "application/json" : {
                "schema" : {
                  "$ref" : "#/components/schemas/sources.requests.SimpleRequest"
                }
              }
            }
          }
        },
        "requestBody" : {
          "required" : true,
          "content" : {
            "application/json" : {
              "schema" : {
                "$ref" : "#/components/schemas/sources.requests.SimpleRequest"
              }
            }
          }
        }
      }
    },
    "/v1/listOfs" : {
      "post" : {
        "responses" : {
          "200" : {
            "description" : "",
            "content" : {
              "application/json" : {
                "schema" : {
                  "type" : "array",
                  "items" : {
                    "$ref" : "#/components/schemas/sources.requests.SimpleRequest"
                  }
                }
              }
            }
          }
        }
      }
    }
  },
  "components" : {
    "schemas" : {
      "sources.requests.PrivateBodyRequest" : {
        "type" : "object",
        "properties" : {
          "visible" : {
            "type" : "boolean"
          },
          "invisible" : {
            "type" : "string"
          },
          "transientFieldInvisible" : {
            "type" : "integer"
          }
        }
      },
      "sources.requests.SimpleRequest" : {
        "type" : "object",
        "properties" : {
          "string" : {
            "type" : "string"
          },
          "integer" : {
            "type" : "integer"
          },
          "float" : {
            "type" : "number"
          }
        }
      }
    }
  }
}