{
  "openapi" : "3.1.0",
  "info" : {
    "title" : "Open API Specification",
    "description" : "test",
    "version" : "1.0.0"
  },
  "paths" : {
    "/v5/postBodyRequestSimple" : {
      "post" : {
        "responses" : {
          "200" : {
            "description" : "line0line1line3",
            "content" : {
              "application/json" : {
                "schema" : {
                  "$ref" : "#/components/schemas/sources.requests.SimpleRequest"
                }
              }
            }
          },
          "500" : {
            "description" : "external",
            "content" : {
              "application/json" : {
                "schema" : {
                  "$ref" : "#/components/schemas/sources.requests.PrivateBodyRequest"
                }
              }
            }
          }
        },
        "requestBody" : {
          "required" : true,
          "content" : {
            "application/json" : {
              "schema" : {
                "$ref" : "#/components/schemas/sources.requests.SimpleRequest"
              }
            }
          }
        }
      }
    },
    "/v5/implicitField" : {
      "post" : {
        "responses" : {
          "200" : {
            "description" : "line0line1line3",
            "content" : {
              "application/json" : {
                "schema" : {
                  "type" : "array",
                  "items" : {
                    "$ref" : "#/components/schemas/sources.requests.SimpleRequest"
                  }
                }
              }
            }
          }
        },
        "requestBody" : {
          "required" : true,
          "content" : {
            "application/json" : {
              "schema" : {
                "$ref" : "#/components/schemas/sources.requests.SimpleRequest"
              }
            }
          }
        }
      }
    },
    "/v5/implicitArgs" : {
      "get" : {
        "responses" : {
          "200" : {
            "description" : "",
            "content" : {
              "application/json" : {
                "schema" : {
                  "type" : "array",
                  "items" : {
                    "$ref" : "#/components/schemas/sources.requests.SimpleRequest"
                  }
                }
              }
            }
          }
        }
      }
    }
  },
  "components" : {
    "schemas" : {
      "sources.requests.PrivateBodyRequest" : {
        "type" : "object",
        "properties" : {
          "invisible" : {
            "type" : "string"
          },
          "transientFieldInvisible" : {
            "type" : "integer"
          },
          "visible" : {
            "type" : "boolean"
          }
        },
        "required" : [ "visible", "invisible", "transientFieldInvisible" ]
      },
      "sources.requests.SimpleRequest" : {
        "type" : "object",
        "properties" : {
          "float" : {
            "type" : "number"
          },
          "integer" : {
            "type" : "integer"
          },
          "string" : {
            "type" : "string"
          }
        },
        "required" : [ "string", "integer", "float" ]
      }
    }
  }
}