{
  "openapi" : "3.1.0",
  "info" : {
    "title" : "Open API Specification",
    "description" : "test",
    "version" : "1.0.0"
  },
  "paths" : {
    "/v1/getRequest1" : {
      "get" : {
        "tags" : [ "AppLevel" ]
      }
    },
    "/v2/getRequest2" : {
      "get" : {
        "tags" : [ "RouteLevel" ]
      }
    }
  },
  "components" : {
    "schemas" : { }
  }
}
