{
  "openapi" : "3.1.0",
  "info" : {
    "title" : "Open API Specification",
    "description" : "test",
    "version" : "1.0.0"
  },
  "paths" : {
    "/submodule1/sub1" : {
      "get" : {
        "tags" : [ "Module" ]
      }
    },
    "/submodule2/sub2" : {
      "get" : {
        "tags" : [ "Module", "SubModule" ]
      }
    }
  },
  "components" : {
    "schemas" : { }
  }
}